[NamedTestSuiteImpl(testCases=[NamedTestCaseImpl(actions=[de.retest.surili.commons.core.NamedTestSuitesTest$1@0, de.retest.surili.commons.core.NamedTestSuitesTest$1@0], name=TestCase0), NamedTestCaseImpl(actions=[de.retest.surili.commons.core.NamedTestSuitesTest$1@1, de.retest.surili.commons.core.NamedTestSuitesTest$1@1], name=TestCase1)], name=TestSuite0), NamedTestSuiteImpl(testCases=[NamedTestCaseImpl(actions=[de.retest.surili.commons.core.NamedTestSuitesTest$1@0, de.retest.surili.commons.core.NamedTestSuitesTest$1@1], name=TestCase0), NamedTestCaseImpl(actions=[de.retest.surili.commons.core.NamedTestSuitesTest$1@1, de.retest.surili.commons.core.NamedTestSuitesTest$1@0], name=TestCase1)], name=TestSuite1)]
