TestSuite:
	TestCase:
		NavigateForwardAction()
		NavigateBackAction()
	TestCase:
		NavigateBackAction()
		NavigateForwardAction()
