TestSuite:
	TestCase:
		NavigateForwardAction()
		NavigateBackAction()
	TestCase: empty
